  Geri y├╝klenecek projeler belirleniyor...
  Geri y├╝kleme i├ğin t├╝m projeler g├╝ncel.
  SmartWMS.Shared -> c:\SmartWMS\SmartWMS.Shared\bin\Debug\net8.0\SmartWMS.Shared.dll
  SmartWMS.Domain -> c:\SmartWMS\SmartWMS.Domain\bin\Debug\net8.0\SmartWMS.Domain.dll
  SmartWMS.IoT.Simulator -> c:\SmartWMS\SmartWMS.IoT.Simulator\bin\Debug\net8.0\SmartWMS.IoT.Simulator.dll
c:\SmartWMS\SmartWMS.Application\Features\Anomaly\AnomalyEngine.cs(13,22): error CS0246: 'IAnomalyOrchestrator' t├╝r├╝ veya ad alan─▒ ad─▒ bulunamad─▒ (bir using y├Ânergeniz veya derleme ba┼şvurunuz mu eksik?) [c:\SmartWMS\SmartWMS.Application\SmartWMS.Application.csproj]
c:\SmartWMS\SmartWMS.Application\Features\Anomaly\AnomalyEngine.cs(15,59): error CS0246: 'IAnomalyOrchestrator' t├╝r├╝ veya ad alan─▒ ad─▒ bulunamad─▒ (bir using y├Ânergeniz veya derleme ba┼şvurunuz mu eksik?) [c:\SmartWMS\SmartWMS.Application\SmartWMS.Application.csproj]

Olu┼şturma BA┼ŞARISIZ OLDU.

c:\SmartWMS\SmartWMS.Application\Features\Anomaly\AnomalyEngine.cs(13,22): error CS0246: 'IAnomalyOrchestrator' t├╝r├╝ veya ad alan─▒ ad─▒ bulunamad─▒ (bir using y├Ânergeniz veya derleme ba┼şvurunuz mu eksik?) [c:\SmartWMS\SmartWMS.Application\SmartWMS.Application.csproj]
c:\SmartWMS\SmartWMS.Application\Features\Anomaly\AnomalyEngine.cs(15,59): error CS0246: 'IAnomalyOrchestrator' t├╝r├╝ veya ad alan─▒ ad─▒ bulunamad─▒ (bir using y├Ânergeniz veya derleme ba┼şvurunuz mu eksik?) [c:\SmartWMS\SmartWMS.Application\SmartWMS.Application.csproj]
    0 Uyar─▒
    2 Hata

Ge├ğen S├╝re 00:00:01.23
